PREHOOK: query: drop table if exists rdump_3
PREHOOK: type: DROPTABLE
POSTHOOK: query: drop table if exists rdump_3
POSTHOOK: type: DROPTABLE
PREHOOK: query: show databases
PREHOOK: type: SHOWDATABASES
POSTHOOK: query: show databases
POSTHOOK: type: SHOWDATABASES
default
PREHOOK: query: create table rdump_3(emp_id int comment "employee id")
        partitioned by (emp_country string, emp_state string)
        stored as textfile
PREHOOK: type: CREATETABLE
PREHOOK: Output: database:default
PREHOOK: Output: default@rdump_3
POSTHOOK: query: create table rdump_3(emp_id int comment "employee id")
        partitioned by (emp_country string, emp_state string)
        stored as textfile
POSTHOOK: type: CREATETABLE
POSTHOOK: Output: database:default
POSTHOOK: Output: default@rdump_3
PREHOOK: query: load data local inpath "../../data/files/test.dat"
        into table rdump_3 partition (emp_country="us",emp_state="ca")
PREHOOK: type: LOAD
#### A masked pattern was here ####
PREHOOK: Output: default@rdump_3
POSTHOOK: query: load data local inpath "../../data/files/test.dat"
        into table rdump_3 partition (emp_country="us",emp_state="ca")
POSTHOOK: type: LOAD
#### A masked pattern was here ####
POSTHOOK: Output: default@rdump_3
POSTHOOK: Output: default@rdump_3@emp_country=us/emp_state=ca
PREHOOK: query: REPL DUMP default
PREHOOK: type: EXPORT
PREHOOK: Input: default@alltypesorc
PREHOOK: Input: default@cbo_t1@dt=2014
PREHOOK: Input: default@cbo_t2@dt=2014
PREHOOK: Input: default@cbo_t3
PREHOOK: Input: default@lineitem
PREHOOK: Input: default@part
PREHOOK: Input: default@rdump_3@emp_country=us/emp_state=ca
PREHOOK: Input: default@src
PREHOOK: Input: default@src1
PREHOOK: Input: default@src_cbo
PREHOOK: Input: default@src_json
PREHOOK: Input: default@src_sequencefile
PREHOOK: Input: default@src_thrift
PREHOOK: Input: default@srcbucket
PREHOOK: Input: default@srcbucket2
PREHOOK: Input: default@srcpart@ds=2008-04-08/hr=11
PREHOOK: Input: default@srcpart@ds=2008-04-08/hr=12
PREHOOK: Input: default@srcpart@ds=2008-04-09/hr=11
PREHOOK: Input: default@srcpart@ds=2008-04-09/hr=12
#### A masked pattern was here ####
POSTHOOK: query: REPL DUMP default
POSTHOOK: type: EXPORT
POSTHOOK: Input: default@alltypesorc
POSTHOOK: Input: default@cbo_t1@dt=2014
POSTHOOK: Input: default@cbo_t2@dt=2014
POSTHOOK: Input: default@cbo_t3
POSTHOOK: Input: default@lineitem
POSTHOOK: Input: default@part
POSTHOOK: Input: default@rdump_3@emp_country=us/emp_state=ca
POSTHOOK: Input: default@src
POSTHOOK: Input: default@src1
POSTHOOK: Input: default@src_cbo
POSTHOOK: Input: default@src_json
POSTHOOK: Input: default@src_sequencefile
POSTHOOK: Input: default@src_thrift
POSTHOOK: Input: default@srcbucket
POSTHOOK: Input: default@srcbucket2
POSTHOOK: Input: default@srcpart@ds=2008-04-08/hr=11
POSTHOOK: Input: default@srcpart@ds=2008-04-08/hr=12
POSTHOOK: Input: default@srcpart@ds=2008-04-09/hr=11
POSTHOOK: Input: default@srcpart@ds=2008-04-09/hr=12
#### A masked pattern was here ####
PREHOOK: query: drop table rdump_3
PREHOOK: type: DROPTABLE
PREHOOK: Input: default@rdump_3
PREHOOK: Output: default@rdump_3
POSTHOOK: query: drop table rdump_3
POSTHOOK: type: DROPTABLE
POSTHOOK: Input: default@rdump_3
POSTHOOK: Output: default@rdump_3
